2025-12-07T15:23:24.5641387Z Current runner version: '2.329.0'
2025-12-07T15:23:24.5674955Z ##[group]Runner Image Provisioner
2025-12-07T15:23:24.5676381Z Hosted Compute Agent
2025-12-07T15:23:24.5677280Z Version: 20251124.448
2025-12-07T15:23:24.5678398Z Commit: fda5086b43ec66ade217e5fcd18146c879571177
2025-12-07T15:23:24.5679510Z Build Date: 2025-11-24T21:16:26Z
2025-12-07T15:23:24.5680454Z ##[endgroup]
2025-12-07T15:23:24.5681438Z ##[group]Operating System
2025-12-07T15:23:24.5682368Z Ubuntu
2025-12-07T15:23:24.5683159Z 24.04.3
2025-12-07T15:23:24.5684075Z LTS
2025-12-07T15:23:24.5684843Z ##[endgroup]
2025-12-07T15:23:24.5685747Z ##[group]Runner Image
2025-12-07T15:23:24.5686931Z Image: ubuntu-24.04
2025-12-07T15:23:24.5687844Z Version: 20251126.144.1
2025-12-07T15:23:24.5690171Z Included Software: https://github.com/actions/runner-images/blob/ubuntu24/20251126.144/images/ubuntu/Ubuntu2404-Readme.md
2025-12-07T15:23:24.5693131Z Image Release: https://github.com/actions/runner-images/releases/tag/ubuntu24%2F20251126.144
2025-12-07T15:23:24.5694985Z ##[endgroup]
2025-12-07T15:23:24.5699839Z ##[group]GITHUB_TOKEN Permissions
2025-12-07T15:23:24.5702945Z Actions: write
2025-12-07T15:23:24.5703794Z ArtifactMetadata: write
2025-12-07T15:23:24.5704765Z Attestations: write
2025-12-07T15:23:24.5705589Z Checks: write
2025-12-07T15:23:24.5706699Z Contents: write
2025-12-07T15:23:24.5707743Z Deployments: write
2025-12-07T15:23:24.5708714Z Discussions: write
2025-12-07T15:23:24.5709580Z Issues: write
2025-12-07T15:23:24.5710531Z Metadata: read
2025-12-07T15:23:24.5711559Z Models: read
2025-12-07T15:23:24.5712411Z Packages: write
2025-12-07T15:23:24.5713398Z Pages: write
2025-12-07T15:23:24.5714350Z PullRequests: write
2025-12-07T15:23:24.5715317Z RepositoryProjects: write
2025-12-07T15:23:24.5716593Z SecurityEvents: write
2025-12-07T15:23:24.5717491Z Statuses: write
2025-12-07T15:23:24.5718397Z ##[endgroup]
2025-12-07T15:23:24.5721455Z Secret source: Actions
2025-12-07T15:23:24.5722596Z Prepare workflow directory
2025-12-07T15:23:24.6197496Z Prepare all required actions
2025-12-07T15:23:24.6255841Z Getting action download info
2025-12-07T15:23:24.8638773Z Download action repository 'actions/checkout@v4' (SHA:34e114876b0b11c390a56381ad16ebd13914f8d5)
2025-12-07T15:23:25.1321277Z Download action repository 'actions/setup-python@v5' (SHA:a26af69be951a213d495a4c3e4e4022e16d87065)
2025-12-07T15:23:25.2610721Z Download action repository 'actions/cache@v4' (SHA:0057852bfaa89a56745cba8c7296529d2fc39830)
2025-12-07T15:23:25.3583454Z Download action repository 'actions/upload-artifact@v4' (SHA:ea165f8d65b6e75b540449e92b4886f43607fa02)
2025-12-07T15:23:25.6815049Z Complete job name: build-test
2025-12-07T15:23:25.7559916Z ##[group]Run actions/checkout@v4
2025-12-07T15:23:25.7560924Z with:
2025-12-07T15:23:25.7561462Z   repository: titarenko-a-v/secdev-s06-s08
2025-12-07T15:23:25.7562504Z   token: ***
2025-12-07T15:23:25.7563019Z   ssh-strict: true
2025-12-07T15:23:25.7563503Z   ssh-user: git
2025-12-07T15:23:25.7564006Z   persist-credentials: true
2025-12-07T15:23:25.7564629Z   clean: true
2025-12-07T15:23:25.7565138Z   sparse-checkout-cone-mode: true
2025-12-07T15:23:25.7565808Z   fetch-depth: 1
2025-12-07T15:23:25.7566498Z   fetch-tags: false
2025-12-07T15:23:25.7567008Z   show-progress: true
2025-12-07T15:23:25.7567523Z   lfs: false
2025-12-07T15:23:25.7567976Z   submodules: false
2025-12-07T15:23:25.7568505Z   set-safe-directory: true
2025-12-07T15:23:25.7569339Z ##[endgroup]
2025-12-07T15:23:25.8621818Z Syncing repository: titarenko-a-v/secdev-s06-s08
2025-12-07T15:23:25.8624128Z ##[group]Getting Git version info
2025-12-07T15:23:25.8625348Z Working directory is '/home/runner/work/secdev-s06-s08/secdev-s06-s08'
2025-12-07T15:23:25.8627128Z [command]/usr/bin/git version
2025-12-07T15:23:25.8695909Z git version 2.52.0
2025-12-07T15:23:25.8721830Z ##[endgroup]
2025-12-07T15:23:25.8736600Z Temporarily overriding HOME='/home/runner/work/_temp/4bd1ede9-c348-4825-95c4-2877c296772b' before making global git config changes
2025-12-07T15:23:25.8739519Z Adding repository directory to the temporary git global config as a safe directory
2025-12-07T15:23:25.8748809Z [command]/usr/bin/git config --global --add safe.directory /home/runner/work/secdev-s06-s08/secdev-s06-s08
2025-12-07T15:23:25.8785483Z Deleting the contents of '/home/runner/work/secdev-s06-s08/secdev-s06-s08'
2025-12-07T15:23:25.8789077Z ##[group]Initializing the repository
2025-12-07T15:23:25.8792937Z [command]/usr/bin/git init /home/runner/work/secdev-s06-s08/secdev-s06-s08
2025-12-07T15:23:25.8885072Z hint: Using 'master' as the name for the initial branch. This default branch name
2025-12-07T15:23:25.8887633Z hint: will change to "main" in Git 3.0. To configure the initial branch name
2025-12-07T15:23:25.8889681Z hint: to use in all of your new repositories, which will suppress this warning,
2025-12-07T15:23:25.8890802Z hint: call:
2025-12-07T15:23:25.8891219Z hint:
2025-12-07T15:23:25.8891840Z hint: 	git config --global init.defaultBranch <name>
2025-12-07T15:23:25.8892675Z hint:
2025-12-07T15:23:25.8893548Z hint: Names commonly chosen instead of 'master' are 'main', 'trunk' and
2025-12-07T15:23:25.8896519Z hint: 'development'. The just-created branch can be renamed via this command:
2025-12-07T15:23:25.8897849Z hint:
2025-12-07T15:23:25.8898284Z hint: 	git branch -m <name>
2025-12-07T15:23:25.8899141Z hint:
2025-12-07T15:23:25.8900091Z hint: Disable this message with "git config set advice.defaultBranchName false"
2025-12-07T15:23:25.8901822Z Initialized empty Git repository in /home/runner/work/secdev-s06-s08/secdev-s06-s08/.git/
2025-12-07T15:23:25.8904465Z [command]/usr/bin/git remote add origin https://github.com/titarenko-a-v/secdev-s06-s08
2025-12-07T15:23:25.8932865Z ##[endgroup]
2025-12-07T15:23:25.8933773Z ##[group]Disabling automatic garbage collection
2025-12-07T15:23:25.8936568Z [command]/usr/bin/git config --local gc.auto 0
2025-12-07T15:23:25.8970374Z ##[endgroup]
2025-12-07T15:23:25.8971263Z ##[group]Setting up auth
2025-12-07T15:23:25.8972302Z [command]/usr/bin/git config --local --name-only --get-regexp core\.sshCommand
2025-12-07T15:23:25.9001885Z [command]/usr/bin/git submodule foreach --recursive sh -c "git config --local --name-only --get-regexp 'core\.sshCommand' && git config --local --unset-all 'core.sshCommand' || :"
2025-12-07T15:23:25.9329197Z [command]/usr/bin/git config --local --name-only --get-regexp http\.https\:\/\/github\.com\/\.extraheader
2025-12-07T15:23:25.9360552Z [command]/usr/bin/git submodule foreach --recursive sh -c "git config --local --name-only --get-regexp 'http\.https\:\/\/github\.com\/\.extraheader' && git config --local --unset-all 'http.https://github.com/.extraheader' || :"
2025-12-07T15:23:25.9574034Z [command]/usr/bin/git config --local --name-only --get-regexp ^includeIf\.gitdir:
2025-12-07T15:23:25.9601628Z [command]/usr/bin/git submodule foreach --recursive git config --local --show-origin --name-only --get-regexp remote.origin.url
2025-12-07T15:23:25.9827810Z [command]/usr/bin/git config --local http.https://github.com/.extraheader AUTHORIZATION: basic ***
2025-12-07T15:23:25.9860536Z ##[endgroup]
2025-12-07T15:23:25.9868544Z ##[group]Fetching the repository
2025-12-07T15:23:25.9872593Z [command]/usr/bin/git -c protocol.version=2 fetch --no-tags --prune --no-recurse-submodules --depth=1 origin +f3084aefee1c8a8fe31f38d27ea9c7666769f1a8:refs/remotes/origin/main
2025-12-07T15:23:26.1308026Z From https://github.com/titarenko-a-v/secdev-s06-s08
2025-12-07T15:23:26.1308974Z  * [new ref]         f3084aefee1c8a8fe31f38d27ea9c7666769f1a8 -> origin/main
2025-12-07T15:23:26.1338559Z ##[endgroup]
2025-12-07T15:23:26.1339260Z ##[group]Determining the checkout info
2025-12-07T15:23:26.1340806Z ##[endgroup]
2025-12-07T15:23:26.1345734Z [command]/usr/bin/git sparse-checkout disable
2025-12-07T15:23:26.1383365Z [command]/usr/bin/git config --local --unset-all extensions.worktreeConfig
2025-12-07T15:23:26.1408161Z ##[group]Checking out the ref
2025-12-07T15:23:26.1412216Z [command]/usr/bin/git checkout --progress --force -B main refs/remotes/origin/main
2025-12-07T15:23:26.1471132Z Switched to a new branch 'main'
2025-12-07T15:23:26.1474020Z branch 'main' set up to track 'origin/main'.
2025-12-07T15:23:26.1480216Z ##[endgroup]
2025-12-07T15:23:26.1513431Z [command]/usr/bin/git log -1 --format=%H
2025-12-07T15:23:26.1534901Z f3084aefee1c8a8fe31f38d27ea9c7666769f1a8
2025-12-07T15:23:26.1757143Z ##[group]Run actions/setup-python@v5
2025-12-07T15:23:26.1757481Z with:
2025-12-07T15:23:26.1757715Z   python-version: 3.11
2025-12-07T15:23:26.1757979Z   check-latest: false
2025-12-07T15:23:26.1758345Z   token: ***
2025-12-07T15:23:26.1758589Z   update-environment: true
2025-12-07T15:23:26.1758864Z   allow-prereleases: false
2025-12-07T15:23:26.1759120Z   freethreaded: false
2025-12-07T15:23:26.1759361Z ##[endgroup]
2025-12-07T15:23:26.3473769Z ##[group]Installed versions
2025-12-07T15:23:26.4110389Z Successfully set up CPython (3.11.14)
2025-12-07T15:23:26.4111642Z ##[endgroup]
2025-12-07T15:23:26.4934591Z ##[group]Run actions/cache@v4
2025-12-07T15:23:26.4934921Z with:
2025-12-07T15:23:26.4935158Z   path: ~/.cache/pip
2025-12-07T15:23:26.4935581Z   key: Linux-pip-7b53ad308bdfa455517e3eb4da62bf99616e56a9098f96e1c8dd2f4a277649c7
2025-12-07T15:23:26.4936045Z   restore-keys: Linux-pip-

2025-12-07T15:23:26.4936731Z   enableCrossOsArchive: false
2025-12-07T15:23:26.4937028Z   fail-on-cache-miss: false
2025-12-07T15:23:26.4937293Z   lookup-only: false
2025-12-07T15:23:26.4937533Z   save-always: false
2025-12-07T15:23:26.4937750Z env:
2025-12-07T15:23:26.4938041Z   pythonLocation: /opt/hostedtoolcache/Python/3.11.14/x64
2025-12-07T15:23:26.4938525Z   PKG_CONFIG_PATH: /opt/hostedtoolcache/Python/3.11.14/x64/lib/pkgconfig
2025-12-07T15:23:26.4938980Z   Python_ROOT_DIR: /opt/hostedtoolcache/Python/3.11.14/x64
2025-12-07T15:23:26.4939389Z   Python2_ROOT_DIR: /opt/hostedtoolcache/Python/3.11.14/x64
2025-12-07T15:23:26.4939794Z   Python3_ROOT_DIR: /opt/hostedtoolcache/Python/3.11.14/x64
2025-12-07T15:23:26.4940245Z   LD_LIBRARY_PATH: /opt/hostedtoolcache/Python/3.11.14/x64/lib
2025-12-07T15:23:26.4940586Z ##[endgroup]
2025-12-07T15:23:26.7432756Z Cache not found for input keys: Linux-pip-7b53ad308bdfa455517e3eb4da62bf99616e56a9098f96e1c8dd2f4a277649c7, Linux-pip-
2025-12-07T15:23:26.7518960Z ##[group]Run pip install -r requirements.txt
2025-12-07T15:23:26.7519443Z [36;1mpip install -r requirements.txt[0m
2025-12-07T15:23:26.7560336Z shell: /usr/bin/bash -e {0}
2025-12-07T15:23:26.7560650Z env:
2025-12-07T15:23:26.7560955Z   pythonLocation: /opt/hostedtoolcache/Python/3.11.14/x64
2025-12-07T15:23:26.7561439Z   PKG_CONFIG_PATH: /opt/hostedtoolcache/Python/3.11.14/x64/lib/pkgconfig
2025-12-07T15:23:26.7561905Z   Python_ROOT_DIR: /opt/hostedtoolcache/Python/3.11.14/x64
2025-12-07T15:23:26.7562321Z   Python2_ROOT_DIR: /opt/hostedtoolcache/Python/3.11.14/x64
2025-12-07T15:23:26.7562728Z   Python3_ROOT_DIR: /opt/hostedtoolcache/Python/3.11.14/x64
2025-12-07T15:23:26.7563139Z   LD_LIBRARY_PATH: /opt/hostedtoolcache/Python/3.11.14/x64/lib
2025-12-07T15:23:26.7563471Z ##[endgroup]
2025-12-07T15:23:29.6603493Z Collecting fastapi==0.115.0 (from -r requirements.txt (line 2))
2025-12-07T15:23:29.7166324Z   Downloading fastapi-0.115.0-py3-none-any.whl.metadata (27 kB)
2025-12-07T15:23:29.7557147Z Collecting uvicorn==0.30.1 (from -r requirements.txt (line 3))
2025-12-07T15:23:29.7591477Z   Downloading uvicorn-0.30.1-py3-none-any.whl.metadata (6.3 kB)
2025-12-07T15:23:29.7862835Z Collecting jinja2==3.1.4 (from -r requirements.txt (line 4))
2025-12-07T15:23:29.7902839Z   Downloading jinja2-3.1.4-py3-none-any.whl.metadata (2.6 kB)
2025-12-07T15:23:29.8978091Z Collecting pydantic==2.9.2 (from -r requirements.txt (line 5))
2025-12-07T15:23:29.9013251Z   Downloading pydantic-2.9.2-py3-none-any.whl.metadata (149 kB)
2025-12-07T15:23:29.9509539Z Collecting pytest==8.3.2 (from -r requirements.txt (line 6))
2025-12-07T15:23:29.9540733Z   Downloading pytest-8.3.2-py3-none-any.whl.metadata (7.5 kB)
2025-12-07T15:23:29.9742578Z Collecting httpx==0.27.2 (from -r requirements.txt (line 7))
2025-12-07T15:23:29.9773610Z   Downloading httpx-0.27.2-py3-none-any.whl.metadata (7.1 kB)
2025-12-07T15:23:29.9938406Z Collecting pytest-cov==7.0.0 (from -r requirements.txt (line 8))
2025-12-07T15:23:29.9967902Z   Downloading pytest_cov-7.0.0-py3-none-any.whl.metadata (31 kB)
2025-12-07T15:23:30.0258980Z Collecting starlette<0.39.0,>=0.37.2 (from fastapi==0.115.0->-r requirements.txt (line 2))
2025-12-07T15:23:30.0312476Z   Downloading starlette-0.38.6-py3-none-any.whl.metadata (6.0 kB)
2025-12-07T15:23:30.0715990Z Collecting typing-extensions>=4.8.0 (from fastapi==0.115.0->-r requirements.txt (line 2))
2025-12-07T15:23:30.0753990Z   Downloading typing_extensions-4.15.0-py3-none-any.whl.metadata (3.3 kB)
2025-12-07T15:23:30.0866639Z Collecting annotated-types>=0.6.0 (from pydantic==2.9.2->-r requirements.txt (line 5))
2025-12-07T15:23:30.0898022Z   Downloading annotated_types-0.7.0-py3-none-any.whl.metadata (15 kB)
2025-12-07T15:23:30.7423076Z Collecting pydantic-core==2.23.4 (from pydantic==2.9.2->-r requirements.txt (line 5))
2025-12-07T15:23:30.7460890Z   Downloading pydantic_core-2.23.4-cp311-cp311-manylinux_2_17_x86_64.manylinux2014_x86_64.whl.metadata (6.6 kB)
2025-12-07T15:23:30.7690044Z Collecting click>=7.0 (from uvicorn==0.30.1->-r requirements.txt (line 3))
2025-12-07T15:23:30.7723938Z   Downloading click-8.3.1-py3-none-any.whl.metadata (2.6 kB)
2025-12-07T15:23:30.7835359Z Collecting h11>=0.8 (from uvicorn==0.30.1->-r requirements.txt (line 3))
2025-12-07T15:23:30.7865670Z   Downloading h11-0.16.0-py3-none-any.whl.metadata (8.3 kB)
2025-12-07T15:23:30.8384721Z Collecting MarkupSafe>=2.0 (from jinja2==3.1.4->-r requirements.txt (line 4))
2025-12-07T15:23:30.8428981Z   Downloading markupsafe-3.0.3-cp311-cp311-manylinux2014_x86_64.manylinux_2_17_x86_64.manylinux_2_28_x86_64.whl.metadata (2.7 kB)
2025-12-07T15:23:30.8539041Z Collecting iniconfig (from pytest==8.3.2->-r requirements.txt (line 6))
2025-12-07T15:23:30.8569019Z   Downloading iniconfig-2.3.0-py3-none-any.whl.metadata (2.5 kB)
2025-12-07T15:23:30.8730270Z Collecting packaging (from pytest==8.3.2->-r requirements.txt (line 6))
2025-12-07T15:23:30.8758811Z   Downloading packaging-25.0-py3-none-any.whl.metadata (3.3 kB)
2025-12-07T15:23:30.8883575Z Collecting pluggy<2,>=1.5 (from pytest==8.3.2->-r requirements.txt (line 6))
2025-12-07T15:23:30.8918144Z   Downloading pluggy-1.6.0-py3-none-any.whl.metadata (4.8 kB)
2025-12-07T15:23:30.9119828Z Collecting anyio (from httpx==0.27.2->-r requirements.txt (line 7))
2025-12-07T15:23:30.9151285Z   Downloading anyio-4.12.0-py3-none-any.whl.metadata (4.3 kB)
2025-12-07T15:23:30.9342554Z Collecting certifi (from httpx==0.27.2->-r requirements.txt (line 7))
2025-12-07T15:23:30.9378133Z   Downloading certifi-2025.11.12-py3-none-any.whl.metadata (2.5 kB)
2025-12-07T15:23:30.9564898Z Collecting httpcore==1.* (from httpx==0.27.2->-r requirements.txt (line 7))
2025-12-07T15:23:30.9596853Z   Downloading httpcore-1.0.9-py3-none-any.whl.metadata (21 kB)
2025-12-07T15:23:30.9746252Z Collecting idna (from httpx==0.27.2->-r requirements.txt (line 7))
2025-12-07T15:23:30.9774809Z   Downloading idna-3.11-py3-none-any.whl.metadata (8.4 kB)
2025-12-07T15:23:30.9892427Z Collecting sniffio (from httpx==0.27.2->-r requirements.txt (line 7))
2025-12-07T15:23:30.9933579Z   Downloading sniffio-1.3.1-py3-none-any.whl.metadata (3.9 kB)
2025-12-07T15:23:31.3707364Z Collecting coverage>=7.10.6 (from coverage[toml]>=7.10.6->pytest-cov==7.0.0->-r requirements.txt (line 8))
2025-12-07T15:23:31.3742270Z   Downloading coverage-7.12.0-cp311-cp311-manylinux1_x86_64.manylinux_2_28_x86_64.manylinux_2_5_x86_64.whl.metadata (9.1 kB)
2025-12-07T15:23:31.4212613Z Downloading fastapi-0.115.0-py3-none-any.whl (94 kB)
2025-12-07T15:23:31.4265724Z Downloading pydantic-2.9.2-py3-none-any.whl (434 kB)
2025-12-07T15:23:31.4357929Z Downloading uvicorn-0.30.1-py3-none-any.whl (62 kB)
2025-12-07T15:23:31.4407109Z Downloading jinja2-3.1.4-py3-none-any.whl (133 kB)
2025-12-07T15:23:31.4472815Z Downloading pytest-8.3.2-py3-none-any.whl (341 kB)
2025-12-07T15:23:31.4539484Z Downloading httpx-0.27.2-py3-none-any.whl (76 kB)
2025-12-07T15:23:31.4599784Z Downloading pytest_cov-7.0.0-py3-none-any.whl (22 kB)
2025-12-07T15:23:31.4649765Z Downloading pydantic_core-2.23.4-cp311-cp311-manylinux_2_17_x86_64.manylinux2014_x86_64.whl (2.1 MB)
2025-12-07T15:23:31.4864024Z    ━━━━━━━━━━━━━━━━━━━━━━━━━━━━━━━━━━━━━━━━ 2.1/2.1 MB 107.7 MB/s  0:00:00
2025-12-07T15:23:31.4897197Z Downloading httpcore-1.0.9-py3-none-any.whl (78 kB)
2025-12-07T15:23:31.4952384Z Downloading pluggy-1.6.0-py3-none-any.whl (20 kB)
2025-12-07T15:23:31.5000058Z Downloading starlette-0.38.6-py3-none-any.whl (71 kB)
2025-12-07T15:23:31.5050087Z Downloading anyio-4.12.0-py3-none-any.whl (113 kB)
2025-12-07T15:23:31.5101506Z Downloading annotated_types-0.7.0-py3-none-any.whl (13 kB)
2025-12-07T15:23:31.5159541Z Downloading click-8.3.1-py3-none-any.whl (108 kB)
2025-12-07T15:23:31.5218740Z Downloading coverage-7.12.0-cp311-cp311-manylinux1_x86_64.manylinux_2_28_x86_64.manylinux_2_5_x86_64.whl (250 kB)
2025-12-07T15:23:31.5295559Z Downloading h11-0.16.0-py3-none-any.whl (37 kB)
2025-12-07T15:23:31.5351492Z Downloading idna-3.11-py3-none-any.whl (71 kB)
2025-12-07T15:23:31.5408207Z Downloading markupsafe-3.0.3-cp311-cp311-manylinux2014_x86_64.manylinux_2_17_x86_64.manylinux_2_28_x86_64.whl (22 kB)
2025-12-07T15:23:31.5459003Z Downloading typing_extensions-4.15.0-py3-none-any.whl (44 kB)
2025-12-07T15:23:31.5512243Z Downloading certifi-2025.11.12-py3-none-any.whl (159 kB)
2025-12-07T15:23:31.5569854Z Downloading iniconfig-2.3.0-py3-none-any.whl (7.5 kB)
2025-12-07T15:23:31.5630462Z Downloading packaging-25.0-py3-none-any.whl (66 kB)
2025-12-07T15:23:31.5680433Z Downloading sniffio-1.3.1-py3-none-any.whl (10 kB)
2025-12-07T15:23:31.6604777Z Installing collected packages: typing-extensions, sniffio, pluggy, packaging, MarkupSafe, iniconfig, idna, h11, coverage, click, certifi, annotated-types, uvicorn, pytest, pydantic-core, jinja2, httpcore, anyio, starlette, pytest-cov, pydantic, httpx, fastapi
2025-12-07T15:23:32.9517836Z 
2025-12-07T15:23:32.9536265Z Successfully installed MarkupSafe-3.0.3 annotated-types-0.7.0 anyio-4.12.0 certifi-2025.11.12 click-8.3.1 coverage-7.12.0 fastapi-0.115.0 h11-0.16.0 httpcore-1.0.9 httpx-0.27.2 idna-3.11 iniconfig-2.3.0 jinja2-3.1.4 packaging-25.0 pluggy-1.6.0 pydantic-2.9.2 pydantic-core-2.23.4 pytest-8.3.2 pytest-cov-7.0.0 sniffio-1.3.1 starlette-0.38.6 typing-extensions-4.15.0 uvicorn-0.30.1
2025-12-07T15:23:33.2523186Z ##[group]Run python scripts/init_db.py
2025-12-07T15:23:33.2523520Z [36;1mpython scripts/init_db.py[0m
2025-12-07T15:23:33.2556410Z shell: /usr/bin/bash -e {0}
2025-12-07T15:23:33.2556640Z env:
2025-12-07T15:23:33.2556877Z   pythonLocation: /opt/hostedtoolcache/Python/3.11.14/x64
2025-12-07T15:23:33.2557309Z   PKG_CONFIG_PATH: /opt/hostedtoolcache/Python/3.11.14/x64/lib/pkgconfig
2025-12-07T15:23:33.2557696Z   Python_ROOT_DIR: /opt/hostedtoolcache/Python/3.11.14/x64
2025-12-07T15:23:33.2558052Z   Python2_ROOT_DIR: /opt/hostedtoolcache/Python/3.11.14/x64
2025-12-07T15:23:33.2558396Z   Python3_ROOT_DIR: /opt/hostedtoolcache/Python/3.11.14/x64
2025-12-07T15:23:33.2558753Z   LD_LIBRARY_PATH: /opt/hostedtoolcache/Python/3.11.14/x64/lib
2025-12-07T15:23:33.2559029Z ##[endgroup]
2025-12-07T15:23:33.3228336Z DB initialized at /home/runner/work/secdev-s06-s08/secdev-s06-s08/app.db
2025-12-07T15:23:33.3290407Z ##[group]Run mkdir -p EVIDENCE/S08
2025-12-07T15:23:33.3290726Z [36;1mmkdir -p EVIDENCE/S08[0m
2025-12-07T15:23:33.3291162Z [36;1mpytest -q --junitxml=EVIDENCE/S08/test-report.xml --cov=app --cov-report=xml:coverage.xml[0m
2025-12-07T15:23:33.3323792Z shell: /usr/bin/bash -e {0}
2025-12-07T15:23:33.3324018Z env:
2025-12-07T15:23:33.3324256Z   pythonLocation: /opt/hostedtoolcache/Python/3.11.14/x64
2025-12-07T15:23:33.3324660Z   PKG_CONFIG_PATH: /opt/hostedtoolcache/Python/3.11.14/x64/lib/pkgconfig
2025-12-07T15:23:33.3325052Z   Python_ROOT_DIR: /opt/hostedtoolcache/Python/3.11.14/x64
2025-12-07T15:23:33.3325414Z   Python2_ROOT_DIR: /opt/hostedtoolcache/Python/3.11.14/x64
2025-12-07T15:23:33.3325766Z   Python3_ROOT_DIR: /opt/hostedtoolcache/Python/3.11.14/x64
2025-12-07T15:23:33.3326628Z   LD_LIBRARY_PATH: /opt/hostedtoolcache/Python/3.11.14/x64/lib
2025-12-07T15:23:33.3326930Z ##[endgroup]
2025-12-07T15:23:35.0574617Z ......                                                                   [100%]
2025-12-07T15:23:35.0575490Z - generated xml file: /home/runner/work/secdev-s06-s08/secdev-s06-s08/EVIDENCE/S08/test-report.xml -
2025-12-07T15:23:35.0576504Z ================================ tests coverage ================================
2025-12-07T15:23:35.0577085Z _______________ coverage: platform linux, python 3.11.14-final-0 _______________
2025-12-07T15:23:35.0577564Z 
2025-12-07T15:23:35.0577676Z Coverage XML written to file coverage.xml
2025-12-07T15:23:35.0577944Z 6 passed in 0.84s
2025-12-07T15:23:35.1328173Z ##[group]Run echo "::add-mask::***"
2025-12-07T15:23:35.1328557Z [36;1mecho "::add-mask::***"[0m
2025-12-07T15:23:35.1361007Z shell: /usr/bin/bash -e {0}
2025-12-07T15:23:35.1361228Z env:
2025-12-07T15:23:35.1361465Z   pythonLocation: /opt/hostedtoolcache/Python/3.11.14/x64
2025-12-07T15:23:35.1361891Z   PKG_CONFIG_PATH: /opt/hostedtoolcache/Python/3.11.14/x64/lib/pkgconfig
2025-12-07T15:23:35.1362279Z   Python_ROOT_DIR: /opt/hostedtoolcache/Python/3.11.14/x64
2025-12-07T15:23:35.1362627Z   Python2_ROOT_DIR: /opt/hostedtoolcache/Python/3.11.14/x64
2025-12-07T15:23:35.1362979Z   Python3_ROOT_DIR: /opt/hostedtoolcache/Python/3.11.14/x64
2025-12-07T15:23:35.1363329Z   LD_LIBRARY_PATH: /opt/hostedtoolcache/Python/3.11.14/x64/lib
2025-12-07T15:23:35.1363607Z ##[endgroup]
2025-12-07T15:23:35.1463981Z ##[group]Run actions/upload-artifact@v4
2025-12-07T15:23:35.1464252Z with:
2025-12-07T15:23:35.1464433Z   name: evidence-s08
2025-12-07T15:23:35.1464639Z   path: EVIDENCE/S08/**
coverage.xml

2025-12-07T15:23:35.1464884Z   if-no-files-found: warn
2025-12-07T15:23:35.1465084Z   compression-level: 6
2025-12-07T15:23:35.1465276Z   overwrite: false
2025-12-07T15:23:35.1465466Z   include-hidden-files: false
2025-12-07T15:23:35.1465671Z env:
2025-12-07T15:23:35.1465917Z   pythonLocation: /opt/hostedtoolcache/Python/3.11.14/x64
2025-12-07T15:23:35.1466577Z   PKG_CONFIG_PATH: /opt/hostedtoolcache/Python/3.11.14/x64/lib/pkgconfig
2025-12-07T15:23:35.1466954Z   Python_ROOT_DIR: /opt/hostedtoolcache/Python/3.11.14/x64
2025-12-07T15:23:35.1467309Z   Python2_ROOT_DIR: /opt/hostedtoolcache/Python/3.11.14/x64
2025-12-07T15:23:35.1467650Z   Python3_ROOT_DIR: /opt/hostedtoolcache/Python/3.11.14/x64
2025-12-07T15:23:35.1467990Z   LD_LIBRARY_PATH: /opt/hostedtoolcache/Python/3.11.14/x64/lib
2025-12-07T15:23:35.1468291Z ##[endgroup]
2025-12-07T15:23:35.3625030Z Multiple search paths detected. Calculating the least common ancestor of all paths
2025-12-07T15:23:35.3628791Z The least common ancestor is /home/runner/work/secdev-s06-s08/secdev-s06-s08. This will be the root directory of the artifact
2025-12-07T15:23:35.3629551Z With the provided path, there will be 2 files uploaded
2025-12-07T15:23:35.3635754Z Artifact name is valid!
2025-12-07T15:23:35.3637161Z Root directory input is valid!
2025-12-07T15:23:35.4764886Z Beginning upload of artifact content to blob storage
2025-12-07T15:23:35.5247864Z Uploaded bytes 1200
2025-12-07T15:23:35.5405556Z Finished uploading artifact content to blob storage!
2025-12-07T15:23:35.5409413Z SHA256 digest of uploaded artifact zip is 1f3c9d18704b03f920705ea481a2682c1723eb6f78abfbc199bdd4e11f9a3741
2025-12-07T15:23:35.5411633Z Finalizing artifact upload
2025-12-07T15:23:35.6049593Z Artifact evidence-s08.zip successfully finalized. Artifact ID 4790380683
2025-12-07T15:23:35.6050746Z Artifact evidence-s08 has been successfully uploaded! Final size is 1200 bytes. Artifact ID is 4790380683
2025-12-07T15:23:35.6059067Z Artifact download URL: https://github.com/titarenko-a-v/secdev-s06-s08/actions/runs/20006311807/artifacts/4790380683
2025-12-07T15:23:35.6845451Z Post job cleanup.
2025-12-07T15:23:35.8266866Z [command]/usr/bin/tar --posix -cf cache.tzst --exclude cache.tzst -P -C /home/runner/work/secdev-s06-s08/secdev-s06-s08 --files-from manifest.txt --use-compress-program zstdmt
2025-12-07T15:23:36.2105766Z Sent 7195013 of 7195013 (100.0%), 36.7 MBs/sec
2025-12-07T15:23:36.3147419Z Cache saved with key: Linux-pip-7b53ad308bdfa455517e3eb4da62bf99616e56a9098f96e1c8dd2f4a277649c7
2025-12-07T15:23:36.3260311Z Post job cleanup.
2025-12-07T15:23:36.4853091Z Post job cleanup.
2025-12-07T15:23:36.5795024Z [command]/usr/bin/git version
2025-12-07T15:23:36.5835158Z git version 2.52.0
2025-12-07T15:23:36.5879618Z Temporarily overriding HOME='/home/runner/work/_temp/f7425cd6-f472-4bf8-a199-35366939a3dc' before making global git config changes
2025-12-07T15:23:36.5880951Z Adding repository directory to the temporary git global config as a safe directory
2025-12-07T15:23:36.5896311Z [command]/usr/bin/git config --global --add safe.directory /home/runner/work/secdev-s06-s08/secdev-s06-s08
2025-12-07T15:23:36.5932769Z [command]/usr/bin/git config --local --name-only --get-regexp core\.sshCommand
2025-12-07T15:23:36.5966841Z [command]/usr/bin/git submodule foreach --recursive sh -c "git config --local --name-only --get-regexp 'core\.sshCommand' && git config --local --unset-all 'core.sshCommand' || :"
2025-12-07T15:23:36.6214534Z [command]/usr/bin/git config --local --name-only --get-regexp http\.https\:\/\/github\.com\/\.extraheader
2025-12-07T15:23:36.6238475Z http.https://github.com/.extraheader
2025-12-07T15:23:36.6251301Z [command]/usr/bin/git config --local --unset-all http.https://github.com/.extraheader
2025-12-07T15:23:36.6284553Z [command]/usr/bin/git submodule foreach --recursive sh -c "git config --local --name-only --get-regexp 'http\.https\:\/\/github\.com\/\.extraheader' && git config --local --unset-all 'http.https://github.com/.extraheader' || :"
2025-12-07T15:23:36.6522438Z [command]/usr/bin/git config --local --name-only --get-regexp ^includeIf\.gitdir:
2025-12-07T15:23:36.6553369Z [command]/usr/bin/git submodule foreach --recursive git config --local --show-origin --name-only --get-regexp remote.origin.url
2025-12-07T15:23:36.6873920Z Cleaning up orphan processes
